# Copyright (c) 2026 Huawei Device Co., Ltd.
# Licensed under the Apache License, Version 2.0 (the "License");
# you may not use this file except in compliance with the License.
# You may obtain a copy of the License at
#
#     http://www.apache.org/licenses/LICENSE-2.0
#
# Unless required by applicable law or agreed to in writing, software
# distributed under the License is distributed on an "AS IS" BASIS,
# WITHOUT WARRANTIES OR CONDITIONS OF ANY KIND, either express or implied.
# See the License for the specific language governing permissions and
# limitations under the License.

1.0 {
  global:
    extern "C++" {
      *OHOS::DistributedHardware::AccountEventMsg*;
      *OHOS::DistributedHardware::AccountEventType*;
      *OHOS::DistributedHardware::Action*;
      *OHOS::DistributedHardware::AdvertiseManager*;
      *OHOS::DistributedHardware::AppDeathRecipient*;
      *OHOS::DistributedHardware::BroadcastHead*;
      *OHOS::DistributedHardware::CancelXcollieTimer*;
      *OHOS::DistributedHardware::CommMsg*;
      *OHOS::DistributedHardware::CompareVecNum*;
      *OHOS::DistributedHardware::CompareVersion*;
      *OHOS::DistributedHardware::ComposeStr*;
      *OHOS::DistributedHardware::ConvertCharArray2String*;
      *OHOS::DistributedHardware::ConvertMapToJsonString*;
      *OHOS::DistributedHardware::ConvertStrToInt*;
      *OHOS::DistributedHardware::CredentialData*;
      *OHOS::DistributedHardware::CredentialDataInfo*;
      *OHOS::DistributedHardware::DecodeDmAccessCallee*;
      *OHOS::DistributedHardware::DecodeDmAccessCaller*;
      *OHOS::DistributedHardware::DecodePeerTargetId*;
      *OHOS::DistributedHardware::DeviceFilterOption*;
      *OHOS::DistributedHardware::DeviceFilterPara*;
      *OHOS::DistributedHardware::DeviceFilters*;
      *OHOS::DistributedHardware::DeviceManagerService*;
      *OHOS::DistributedHardware::DeviceManagerServiceListener*;
      *OHOS::DistributedHardware::DeviceManagerServiceNotify*;
      *OHOS::DistributedHardware::DeviceNameChangeMonitor*;
      *OHOS::DistributedHardware::DeviceNameManager*;
      *OHOS::DistributedHardware::DevicePolicyInfo*;
      *OHOS::DistributedHardware::DevUserInfo*;
      *OHOS::DistributedHardware::DiscoveryFilter*;
      *OHOS::DistributedHardware::DiscoveryManager*;
      *OHOS::DistributedHardware::DistributedAccountCallback*;
      *OHOS::DistributedHardware::DmAccessCallee*;
      *OHOS::DistributedHardware::DmAccessCaller*;
      *OHOS::DistributedHardware::DmAccountCommonEventManager*;
      *OHOS::DistributedHardware::DmAccountEventInfo*;
      *OHOS::DistributedHardware::DmAccountEventQueue*;
      *OHOS::DistributedHardware::DmAccountEventSubscriber*;
      *OHOS::DistributedHardware::DmAuthForm*;
      *OHOS::DistributedHardware::DmAuthInfo*;
      *OHOS::DistributedHardware::DmCommonNotifyEvent*;
      *OHOS::DistributedHardware::DMCommTool*;
      *OHOS::DistributedHardware::DmCredentialManager*;
      *OHOS::DistributedHardware::DmDataShareCommonEventManager*;
      *OHOS::DistributedHardware::DmDataShareEventSubscriber*;
      *OHOS::DistributedHardware::DmDeviceBasicInfo*;
      *OHOS::DistributedHardware::DmDeviceIconInfo*;
      *OHOS::DistributedHardware::DmDeviceIconInfoFilterOptions*;
      *OHOS::DistributedHardware::DmDeviceInfo*;
      *OHOS::DistributedHardware::DmDeviceProfileInfo*;
      *OHOS::DistributedHardware::DmDeviceProfileInfoFilterOptions*;
      *OHOS::DistributedHardware::DmDeviceState*;
      *OHOS::DistributedHardware::DmDiscoveryServiceParam*;
      *OHOS::DistributedHardware::DmGroupInfo*;
      *OHOS::DistributedHardware::DMIpcCmdInterfaceCode*;
      *OHOS::DistributedHardware::DMLocalServiceInfo*;
      *OHOS::DistributedHardware::DMLocalServiceInfoAuthType*;
      *OHOS::DistributedHardware::DmPackageCommonEventManager*;
      *OHOS::DistributedHardware::DmPackageEventSubscriber*;
      *OHOS::DistributedHardware::DmPinHolderEvent*;
      *OHOS::DistributedHardware::DmPinType*;
      *OHOS::DistributedHardware::DmPublishCommonEventManager*;
      *OHOS::DistributedHardware::DmPublishEventSubscriber*;
      *OHOS::DistributedHardware::DmPublishInfo*;
      *OHOS::DistributedHardware::DmPublishServiceParam*;
      *OHOS::DistributedHardware::DmRegisterServiceInfo*;
      *OHOS::DistributedHardware::DmRegisterServiceState*;
      *OHOS::DistributedHardware::DmScreenCommonEventManager*;
      *OHOS::DistributedHardware::DmScreenEventSubscriber*;
      *OHOS::DistributedHardware::DmServiceHiChainConnector*;
      *OHOS::DistributedHardware::DmServiceInfo*;
      *OHOS::DistributedHardware::DmServiceProfileInfo*;
      *OHOS::DistributedHardware::DmSoftbusEvent*;
      *OHOS::DistributedHardware::DmSubscribeInfo*;
      *OHOS::DistributedHardware::DMTransport*;
      *OHOS::DistributedHardware::DmUserRemovedServiceInfo*;
      *OHOS::DistributedHardware::DpInitedCallback*;
      *OHOS::DistributedHardware::EncodeDmDeviceBasicInfo*;
      *OHOS::DistributedHardware::EncodeDmDeviceInfo*;
      *OHOS::DistributedHardware::EncodePeerTargetId*;
      *OHOS::DistributedHardware::FindExactProcessInfo*;
      *OHOS::DistributedHardware::FindUniqueProcessInfoByPkgName*;
      *OHOS::DistributedHardware::ForegroundAccountInfo*;
      *OHOS::DistributedHardware::ForegroundAccountMsg*;
      *OHOS::DistributedHardware::FromJson*;
      *OHOS::DistributedHardware::GetAnonyInt32*;
      *OHOS::DistributedHardware::GetAnonyInt32List*;
      *OHOS::DistributedHardware::GetAnonyInt64*;
      *OHOS::DistributedHardware::GetAnonyJsonString*;
      *OHOS::DistributedHardware::GetAnonyString*;
      *OHOS::DistributedHardware::GetAnonyStringList*;
      *OHOS::DistributedHardware::GetAnonyUint32*;
      *OHOS::DistributedHardware::GetAnonyUint64*;
      *OHOS::DistributedHardware::GetCallerPkgName*;
      *OHOS::DistributedHardware::GetCommMsgString*;
      *OHOS::DistributedHardware::GetCurrentTimestamp*;
      *OHOS::DistributedHardware::GetDeleteDeviceList*;
      *OHOS::DistributedHardware::GetDMCommToolPtr*;
      *OHOS::DistributedHardware::GetFrontAndBackUserIdInfos*;
      *OHOS::DistributedHardware::GetSubscribeId*;
      *OHOS::DistributedHardware::GetSubStr*;
      *OHOS::DistributedHardware::GetUserIdInfoList*;
      *OHOS::DistributedHardware::GetVersionNumber*;
      *OHOS::DistributedHardware::GroupInformation*;
      *OHOS::DistributedHardware::GroupsInfo*;
      *OHOS::DistributedHardware::HichainListener*;
      *OHOS::DistributedHardware::HidumperFlag*;
      *OHOS::DistributedHardware::HiDumpHelper*;
      *OHOS::DistributedHardware::IDeviceManagerServiceListener*;
      *OHOS::DistributedHardware::IDMDeviceRiskDetect*;
      *OHOS::DistributedHardware::IDmServiceGroupResCallback*;
      *OHOS::DistributedHardware::InnerCommMsg*;
      *OHOS::DistributedHardware::IpcCmdRegister*;
      *OHOS::DistributedHardware::IpcModelCodec*;
      *OHOS::DistributedHardware::IpcNotifyDeviceStateReq*;
      *OHOS::DistributedHardware::IpcRemoteBroker*;
      *OHOS::DistributedHardware::IpcReq*;
      *OHOS::DistributedHardware::IpcRsp*;
      *OHOS::DistributedHardware::IpcServerClientProxy*;
      *OHOS::DistributedHardware::IpcServerListener*;
      *OHOS::DistributedHardware::IpcServerStub*;
      *OHOS::DistributedHardware::IPinholderSessionCallback*;
      *OHOS::DistributedHardware::IsArray*;
      *OHOS::DistributedHardware::IsBool*;
      *OHOS::DistributedHardware::IsDmCommonNotifyEventValid*;
      *OHOS::DistributedHardware::IsIdLengthValid*;
      *OHOS::DistributedHardware::IsInt32*;
      *OHOS::DistributedHardware::IsInt64*;
      *OHOS::DistributedHardware::IsInvalidPeerTargetId*;
      *OHOS::DistributedHardware::IsJsonValIntegerString*;
      *OHOS::DistributedHardware::IsMessageLengthValid*;
      *OHOS::DistributedHardware::IsNumberString*;
      *OHOS::DistributedHardware::ISoftbusDiscoveringCallback*;
      *OHOS::DistributedHardware::IsString*;
      *OHOS::DistributedHardware::IsUint16*;
      *OHOS::DistributedHardware::IsUint32*;
      *OHOS::DistributedHardware::IsUint64*;
      *OHOS::DistributedHardware::IsValueExist*;
      *OHOS::DistributedHardware::JsonItemObject*;
      *OHOS::DistributedHardware::JsonObject*;
      *OHOS::DistributedHardware::LogoutAccountMsg*;
      *OHOS::DistributedHardware::MakeNotifyKey*;
      *OHOS::DistributedHardware::MakeNotifyPrefix*;
      *OHOS::DistributedHardware::MineSoftbusListener*;
      *OHOS::DistributedHardware::NetworkIdQueryFilter*;
      *OHOS::DistributedHardware::NotifyUserIds*;
      *OHOS::DistributedHardware::OnBind*;
      *OHOS::DistributedHardware::OnBytes*;
      *OHOS::DistributedHardware::OnFile*;
      *OHOS::DistributedHardware::OnIpcCmd*;
      *OHOS::DistributedHardware::OnMessage*;
      *OHOS::DistributedHardware::OnQos*;
      *OHOS::DistributedHardware::OnShutdown*;
      *OHOS::DistributedHardware::OnStream*;
      *OHOS::DistributedHardware::ParseMapFromJsonString*;
      *OHOS::DistributedHardware::ParseNotifyKey*;
      *OHOS::DistributedHardware::PeerCredentialInfo*;
      *OHOS::DistributedHardware::PeerTargetId*;
      *OHOS::DistributedHardware::PermissionManager*;
      *OHOS::DistributedHardware::PinHolder*;
      *OHOS::DistributedHardware::PinHolderSession*;
      *OHOS::DistributedHardware::ProcessInfo*;
      *OHOS::DistributedHardware::PublishCommonEventCallback*;
      *OHOS::DistributedHardware::RelationShipChangeMsg*;
      *OHOS::DistributedHardware::RelationShipChangeType*;
      *OHOS::DistributedHardware::ReleationShipSyncMgr*;
      *OHOS::DistributedHardware::ScopeOptionInfo*;
      *OHOS::DistributedHardware::ServiceStateBindParameter*;
      *OHOS::DistributedHardware::ServiceSyncInfo*;
      *OHOS::DistributedHardware::SetXcollieTimer*;
      *OHOS::DistributedHardware::SoftbusListener*;
      *OHOS::DistributedHardware::SoftbusPublish*;
      *OHOS::DistributedHardware::StartsWith*;
      *OHOS::DistributedHardware::StringToInt*;
      *OHOS::DistributedHardware::StringToInt64*;
      *OHOS::DistributedHardware::ToJson*;
      *OHOS::DistributedHardware::UnBindAppMsg*;
      *OHOS::DistributedHardware::UnbindServiceProxyParam*;
      *OHOS::DistributedHardware::UninstAppMsg*;
      *OHOS::DistributedHardware::UserIdInfo*;
      *OHOS::DistributedHardware::UserIdsMsg*;
      *OHOS::DistributedHardware::VersionSplitToInt*;
      *OHOS::DistributedHardware::VertexOptionInfo*;
    };

  local:
    *;
};
